============================= test session starts =============================
platform win32 -- Python 3.14.2, pytest-9.0.2, pluggy-1.6.0 -- C:\Dev\OpenAnomaly\.venv\Scripts\python.exe
cachedir: .pytest_cache
rootdir: C:\Dev\OpenAnomaly
configfile: pyproject.toml
plugins: anyio-4.12.0, asyncio-1.3.0
asyncio: mode=Mode.STRICT, debug=False, asyncio_default_fixture_loop_scope=None, asyncio_default_test_loop_scope=function
collecting ... collected 1 item

tests/integration/test_e2e.py::test_e2e_pipeline_execution 
[1] Seeding e2e_metric...

[2] Creating pipelines.yaml...

[3] Triggering Celery Task...
Task ID: 74cedd78-f7bc-4948-ab73-0b4844baec3d. Waiting for result...
Task Result: Success: e2e_pipeline

[4] Verifying Forecast Metrics in VictoriaMetrics...
Found forecast metrics: 6 series, 23 points

[SUCCESS] E2E Integration Test Passed!
PASSED

============================== 1 passed in 1.95s ==============================
